<?xml version="1.0" encoding="UTF-8"?>
<testsuites name="jest tests" tests="5" failures="0" errors="0" time="1.349">
  <testsuite name="Todo API Tests" errors="0" failures="0" skipped="0" timestamp="2026-05-10T16:09:46" time="1.152" tests="5">
    <testcase classname="Todo API Tests GET /todos - should return all todos" name="Todo API Tests GET /todos - should return all todos" time="0.085">
    </testcase>
    <testcase classname="Todo API Tests POST /todos - should create a new todo" name="Todo API Tests POST /todos - should create a new todo" time="0.045">
    </testcase>
    <testcase classname="Todo API Tests POST /todos - should return 400 if task missing" name="Todo API Tests POST /todos - should return 400 if task missing" time="0.015">
    </testcase>
    <testcase classname="Todo API Tests PUT /todos/:id - should update a todo" name="Todo API Tests PUT /todos/:id - should update a todo" time="0.013">
    </testcase>
    <testcase classname="Todo API Tests DELETE /todos/:id - should delete a todo" name="Todo API Tests DELETE /todos/:id - should delete a todo" time="0.014">
    </testcase>
  </testsuite>
</testsuites>